2025-06-12 17:36:44,228 - INFO - === 論文Markdownリファイン処理開始 ===
2025-06-12 17:36:44,229 - INFO - 処理対象ファイル数: 91
2025-06-12 17:36:44,229 - INFO - 処理中 (1/91): 2021_B_c.xu.md
2025-06-12 17:36:44,233 - INFO - 処理完了: 2021_B_c.xu.md | 品質改善: 0.100
2025-06-12 17:36:44,233 - INFO - 処理中 (2/91): 2023_B_r.uchida.md
2025-06-12 17:36:44,236 - INFO - 処理完了: 2023_B_r.uchida.md | 品質改善: 0.040
2025-06-12 17:36:44,236 - INFO - 処理中 (3/91): 2020_B_k.yoshida.md
2025-06-12 17:36:44,239 - INFO - 処理完了: 2020_B_k.yoshida.md | 品質改善: 0.000
2025-06-12 17:36:44,239 - INFO - 処理中 (4/91): 2024_B_r.kato.md
2025-06-12 17:36:44,245 - INFO - 処理完了: 2024_B_r.kato.md | 品質改善: 0.000
2025-06-12 17:36:44,245 - INFO - 処理中 (5/91): 2021_M_n.takahashi.md
2025-06-12 17:36:44,252 - INFO - 処理完了: 2021_M_n.takahashi.md | 品質改善: 0.000
2025-06-12 17:36:44,252 - INFO - 処理中 (6/91): 2019_M_g.sasaki.md
2025-06-12 17:36:44,278 - INFO - 処理完了: 2019_M_g.sasaki.md | 品質改善: 0.100
2025-06-12 17:36:44,278 - INFO - 処理中 (7/91): 2020_B_h.nishimura.md
2025-06-12 17:36:44,282 - INFO - 処理完了: 2020_B_h.nishimura.md | 品質改善: 0.040
2025-06-12 17:36:44,282 - INFO - 処理中 (8/91): 2024_M_s.tsuchiya.md
2025-06-12 17:36:44,286 - INFO - 処理完了: 2024_M_s.tsuchiya.md | 品質改善: 0.000
2025-06-12 17:36:44,286 - INFO - 処理中 (9/91): 2022_M_h.yoshida.md
2025-06-12 17:36:44,294 - INFO - 処理完了: 2022_M_h.yoshida.md | 品質改善: 0.060
2025-06-12 17:36:44,294 - INFO - 処理中 (10/91): 2024_B_a.noto.md
2025-06-12 17:36:44,297 - INFO - 処理完了: 2024_B_a.noto.md | 品質改善: 0.060
2025-06-12 17:36:44,298 - INFO - 処理中 (11/91): 2024_M_i.kato.md
2025-06-12 17:36:44,304 - INFO - 処理完了: 2024_M_i.kato.md | 品質改善: 0.160
2025-06-12 17:36:44,304 - INFO - 処理中 (12/91): 2019_B_h.emori.md
2025-06-12 17:36:44,307 - INFO - 処理完了: 2019_B_h.emori.md | 品質改善: 0.060
2025-06-12 17:36:44,307 - INFO - 処理中 (13/91): 2022_B_t.onogawa.md
2025-06-12 17:36:44,311 - INFO - 処理完了: 2022_B_t.onogawa.md | 品質改善: 0.000
2025-06-12 17:36:44,311 - INFO - 処理中 (14/91): 2019_B_r.mukawa.md
2025-06-12 17:36:44,314 - INFO - 処理完了: 2019_B_r.mukawa.md | 品質改善: 0.060
2025-06-12 17:36:44,314 - INFO - 処理中 (15/91): 2023_B_ke.nakamura.md
2025-06-12 17:36:44,319 - INFO - 処理完了: 2023_B_ke.nakamura.md | 品質改善: 0.000
2025-06-12 17:36:44,319 - INFO - 処理中 (16/91): 2024_M_r.tanaka.md
2025-06-12 17:36:44,328 - INFO - 処理完了: 2024_M_r.tanaka.md | 品質改善: -0.090
2025-06-12 17:36:44,328 - INFO - 処理中 (17/91): 2021_M_h.nakanishi.md
2025-06-12 17:36:44,338 - INFO - 処理完了: 2021_M_h.nakanishi.md | 品質改善: 0.000
2025-06-12 17:36:44,338 - INFO - 処理中 (18/91): 2023_B_h.kitaiwa.md
2025-06-12 17:36:44,341 - INFO - 処理完了: 2023_B_h.kitaiwa.md | 品質改善: 0.000
2025-06-12 17:36:44,341 - INFO - 処理中 (19/91): 2020_B_y.oda.md
2025-06-12 17:36:44,345 - INFO - 処理完了: 2020_B_y.oda.md | 品質改善: 0.160
2025-06-12 17:36:44,345 - INFO - 処理中 (20/91): 2021_M_k.tozuka.md
2025-06-12 17:36:44,360 - INFO - 処理完了: 2021_M_k.tozuka.md | 品質改善: 0.060
2025-06-12 17:36:44,360 - INFO - 処理中 (21/91): 2019_B_y.sugano.md
2025-06-12 17:36:44,365 - INFO - 処理完了: 2019_B_y.sugano.md | 品質改善: 0.060
2025-06-12 17:36:44,365 - INFO - 処理中 (22/91): 2024_M_m.nakamura.md
2025-06-12 17:36:44,371 - INFO - 処理完了: 2024_M_m.nakamura.md | 品質改善: 0.040
2025-06-12 17:36:44,371 - INFO - 処理中 (23/91): 2019_M_z.meng.md
2025-06-12 17:36:44,383 - INFO - 処理完了: 2019_M_z.meng.md | 品質改善: 0.200
2025-06-12 17:36:44,383 - INFO - 処理中 (24/91): 2021_M_h.sugano.md
2025-06-12 17:36:44,393 - INFO - 処理完了: 2021_M_h.sugano.md | 品質改善: -0.050
2025-06-12 17:36:44,393 - INFO - 処理中 (25/91): 2022_M_a.nishimura.md
2025-06-12 17:36:44,403 - INFO - 処理完了: 2022_M_a.nishimura.md | 品質改善: -0.050
2025-06-12 17:36:44,403 - INFO - 処理中 (26/91): 2020_B_y.baba.md
2025-06-12 17:36:44,406 - INFO - 処理完了: 2020_B_y.baba.md | 品質改善: 0.100
2025-06-12 17:36:44,406 - INFO - 処理中 (27/91): 2020_B_y.okakuji.md
2025-06-12 17:36:44,412 - INFO - 処理完了: 2020_B_y.okakuji.md | 品質改善: 0.000
2025-06-12 17:36:44,412 - INFO - 処理中 (28/91): 2022_B_t.bitoh.md
2025-06-12 17:36:44,414 - INFO - 処理完了: 2022_B_t.bitoh.md | 品質改善: 0.000
2025-06-12 17:36:44,414 - INFO - 処理中 (29/91): 2023_B_k.sudo.md
2025-06-12 17:36:44,416 - INFO - 処理完了: 2023_B_k.sudo.md | 品質改善: 0.060
2025-06-12 17:36:44,416 - INFO - 処理中 (30/91): 2022_B_s.sanuka.md
2025-06-12 17:36:44,420 - INFO - 処理完了: 2022_B_s.sanuka.md | 品質改善: 0.040
2025-06-12 17:36:44,420 - INFO - 処理中 (31/91): 2023_B_g.otsuka.md
2025-06-12 17:36:44,424 - INFO - 処理完了: 2023_B_g.otsuka.md | 品質改善: 0.000
2025-06-12 17:36:44,424 - INFO - 処理中 (32/91): 2020_M_s.koizumi.md
2025-06-12 17:36:44,431 - INFO - 処理完了: 2020_M_s.koizumi.md | 品質改善: 0.100
2025-06-12 17:36:44,431 - INFO - 処理中 (33/91): 2021_B_t.shike.md
2025-06-12 17:36:44,434 - INFO - 処理完了: 2021_B_t.shike.md | 品質改善: 0.000
2025-06-12 17:36:44,434 - INFO - 処理中 (34/91): 2022_B_t.oriuchi.md
2025-06-12 17:36:44,437 - INFO - 処理完了: 2022_B_t.oriuchi.md | 品質改善: 0.060
2025-06-12 17:36:44,437 - INFO - 処理中 (35/91): 2022_B_y.noguchi.md
2025-06-12 17:36:44,439 - INFO - 処理完了: 2022_B_y.noguchi.md | 品質改善: 0.060
2025-06-12 17:36:44,439 - INFO - 処理中 (36/91): 2020_M_t.kosaka.md
2025-06-12 17:36:44,444 - INFO - 処理完了: 2020_M_t.kosaka.md | 品質改善: 0.000
2025-06-12 17:36:44,444 - INFO - 処理中 (37/91): 2023_M_k.kobayashi.md
2025-06-12 17:36:44,455 - INFO - 処理完了: 2023_M_k.kobayashi.md | 品質改善: 0.160
2025-06-12 17:36:44,455 - INFO - 処理中 (38/91): 2019_M_y.uchida.md
2025-06-12 17:36:44,465 - INFO - 処理完了: 2019_M_y.uchida.md | 品質改善: 0.000
2025-06-12 17:36:44,465 - INFO - 処理中 (39/91): 2024_M_k.ohya.md
2025-06-12 17:36:44,471 - INFO - 処理完了: 2024_M_k.ohya.md | 品質改善: 0.000
2025-06-12 17:36:44,471 - INFO - 処理中 (40/91): 2022_M_a.inoue.md
2025-06-12 17:36:44,484 - INFO - 処理完了: 2022_M_a.inoue.md | 品質改善: 0.060
2025-06-12 17:36:44,484 - INFO - 処理中 (41/91): 2024_B_k.hayashi.md
2025-06-12 17:36:44,486 - INFO - 処理完了: 2024_B_k.hayashi.md | 品質改善: 0.000
2025-06-12 17:36:44,486 - INFO - 処理中 (42/91): 2024_M_onogawa.md
2025-06-12 17:36:44,501 - INFO - 処理完了: 2024_M_onogawa.md | 品質改善: 0.000
2025-06-12 17:36:44,502 - INFO - 処理中 (43/91): 2022_M_y.baba.md
2025-06-12 17:36:44,508 - INFO - 処理完了: 2022_M_y.baba.md | 品質改善: 0.000
2025-06-12 17:36:44,508 - INFO - 処理中 (44/91): 2023_B_r.yanase.md
2025-06-12 17:36:44,513 - INFO - 処理完了: 2023_B_r.yanase.md | 品質改善: 0.100
2025-06-12 17:36:44,513 - INFO - 処理中 (45/91): 2024_M_y.yamada.md
2025-06-12 17:36:44,518 - INFO - 処理完了: 2024_M_y.yamada.md | 品質改善: -0.090
2025-06-12 17:36:44,518 - INFO - 処理中 (46/91): 2020_M_y.yamasaki.md
2025-06-12 17:36:44,527 - INFO - 処理完了: 2020_M_y.yamasaki.md | 品質改善: 0.120
2025-06-12 17:36:44,527 - INFO - 処理中 (47/91): 2020_M_b.poitrimol.md
2025-06-12 17:36:44,542 - INFO - 処理完了: 2020_M_b.poitrimol.md | 品質改善: 0.100
2025-06-12 17:36:44,543 - INFO - 処理中 (48/91): 2021_B_m.suga.md
2025-06-12 17:36:44,546 - INFO - 処理完了: 2021_B_m.suga.md | 品質改善: 0.000
2025-06-12 17:36:44,546 - INFO - 処理中 (49/91): 2024_B_r.hiratsuka.md
2025-06-12 17:36:44,550 - INFO - 処理完了: 2024_B_r.hiratsuka.md | 品質改善: 0.000
2025-06-12 17:36:44,550 - INFO - 処理中 (50/91): 2023_M_t.kassai.md
2025-06-12 17:36:44,559 - INFO - 処理完了: 2023_M_t.kassai.md | 品質改善: 0.100
2025-06-12 17:36:44,559 - INFO - 処理中 (51/91): 2019_B_k.kobayashi.md
2025-06-12 17:36:44,565 - INFO - 処理完了: 2019_B_k.kobayashi.md | 品質改善: -0.030
2025-06-12 17:36:44,565 - INFO - 処理中 (52/91): 2024_B_h.nakamura.md
2025-06-12 17:36:44,567 - INFO - 処理完了: 2024_B_h.nakamura.md | 品質改善: 0.000
2025-06-12 17:36:44,567 - INFO - 処理中 (53/91): 2020_B_r.hikino.md
2025-06-12 17:36:44,570 - INFO - 処理完了: 2020_B_r.hikino.md | 品質改善: 0.000
2025-06-12 17:36:44,570 - INFO - 処理中 (54/91): 2022_B_k.ohya.md
2025-06-12 17:36:44,577 - INFO - 処理完了: 2022_B_k.ohya.md | 品質改善: 0.060
2025-06-12 17:36:44,577 - INFO - 処理中 (55/91): 2021_M_y.kakutani.md
2025-06-12 17:36:44,581 - INFO - 処理完了: 2021_M_y.kakutani.md | 品質改善: 0.000
2025-06-12 17:36:44,581 - INFO - 処理中 (56/91): 2024_M_la.nicolas.md
2025-06-12 17:36:44,602 - INFO - 処理完了: 2024_M_la.nicolas.md | 品質改善: 0.000
2025-06-12 17:36:44,602 - INFO - 処理中 (57/91): 2024_B_s.imamura.md
2025-06-12 17:36:44,607 - INFO - 処理完了: 2024_B_s.imamura.md | 品質改善: 0.060
2025-06-12 17:36:44,607 - INFO - 処理中 (58/91): 2019_B_k.tozuka.md
2025-06-12 17:36:44,613 - INFO - 処理完了: 2019_B_k.tozuka.md | 品質改善: -0.090
2025-06-12 17:36:44,613 - INFO - 処理中 (59/91): 2019_B_h.nakanishi.md
2025-06-12 17:36:44,617 - INFO - 処理完了: 2019_B_h.nakanishi.md | 品質改善: 0.100
2025-06-12 17:36:44,617 - INFO - 処理中 (60/91): 2024_B_d.nakajima.md
2025-06-12 17:36:44,621 - INFO - 処理完了: 2024_B_d.nakajima.md | 品質改善: 0.060
2025-06-12 17:36:44,621 - INFO - 処理中 (61/91): 2019_B_r.ogasawara.md
2025-06-12 17:36:44,624 - INFO - 処理完了: 2019_B_r.ogasawara.md | 品質改善: 0.100
2025-06-12 17:36:44,624 - INFO - 処理中 (62/91): 2021_B_s.watanabe.md
2025-06-12 17:36:44,628 - INFO - 処理完了: 2021_B_s.watanabe.md | 品質改善: 0.000
2025-06-12 17:36:44,628 - INFO - 処理中 (63/91): 2021_B_h.tagaya.md
2025-06-12 17:36:44,630 - INFO - 処理完了: 2021_B_h.tagaya.md | 品質改善: 0.060
2025-06-12 17:36:44,630 - INFO - 処理中 (64/91): 2022_B_r.tanaka.md
2025-06-12 17:36:44,633 - INFO - 処理完了: 2022_B_r.tanaka.md | 品質改善: 0.000
2025-06-12 17:36:44,633 - INFO - 処理中 (65/91): 2021_B_t.yamamoto.md
2025-06-12 17:36:44,640 - INFO - 処理完了: 2021_B_t.yamamoto.md | 品質改善: 0.040
2025-06-12 17:36:44,640 - INFO - 処理中 (66/91): 2020_B_y.yoshida.md
2025-06-12 17:36:44,644 - INFO - 処理完了: 2020_B_y.yoshida.md | 品質改善: 0.000
2025-06-12 17:36:44,644 - INFO - 処理中 (67/91): 2019_B_n.takahashi.md
2025-06-12 17:36:44,648 - INFO - 処理完了: 2019_B_n.takahashi.md | 品質改善: 0.100
2025-06-12 17:36:44,648 - INFO - 処理中 (68/91): 2024_B_mi.nakamura.md
2025-06-12 17:36:44,653 - INFO - 処理完了: 2024_B_mi.nakamura.md | 品質改善: 0.000
2025-06-12 17:36:44,653 - INFO - 処理中 (69/91): 2021_M_k.kobayashi.md
2025-06-12 17:36:44,669 - INFO - 処理完了: 2021_M_k.kobayashi.md | 品質改善: -0.090
2025-06-12 17:36:44,669 - INFO - 処理中 (70/91): 2023_B_j.ryuu.md
2025-06-12 17:36:44,673 - INFO - 処理完了: 2023_B_j.ryuu.md | 品質改善: 0.000
2025-06-12 17:36:44,674 - INFO - 処理中 (71/91): 2023_M_m.tagaya.md
2025-06-12 17:36:44,679 - INFO - 処理完了: 2023_M_m.tagaya.md | 品質改善: 0.000
2025-06-12 17:36:44,679 - INFO - 処理中 (72/91): 2022_B_i.kato.md
2025-06-12 17:36:44,681 - INFO - 処理完了: 2022_B_i.kato.md | 品質改善: 0.060
2025-06-12 17:36:44,681 - INFO - 処理中 (73/91): 2022_B_s.tsuchiya.md
2025-06-12 17:36:44,685 - INFO - 処理完了: 2022_B_s.tsuchiya.md | 品質改善: 0.000
2025-06-12 17:36:44,685 - INFO - 処理中 (74/91): 2021_B_d.yamazaki.md
2025-06-12 17:36:44,687 - INFO - 処理完了: 2021_B_d.yamazaki.md | 品質改善: 0.060
2025-06-12 17:36:44,687 - INFO - 処理中 (75/91): 2020_B_a.inoue.md
2025-06-12 17:36:44,692 - INFO - 処理完了: 2020_B_a.inoue.md | 品質改善: 0.000
2025-06-12 17:36:44,692 - INFO - 処理中 (76/91): 2021_B_k.kobayashi.md
2025-06-12 17:36:44,698 - INFO - 処理完了: 2021_B_k.kobayashi.md | 品質改善: 0.000
2025-06-12 17:36:44,698 - INFO - 処理中 (77/91): 2023_B_s.fujiwara.md
2025-06-12 17:36:44,701 - INFO - 処理完了: 2023_B_s.fujiwara.md | 品質改善: 0.000
2025-06-12 17:36:44,701 - INFO - 処理中 (78/91): 2019_B_r.maruyama.md
2025-06-12 17:36:44,704 - INFO - 処理完了: 2019_B_r.maruyama.md | 品質改善: 0.160
2025-06-12 17:36:44,704 - INFO - 処理中 (79/91): 2022_B_n.ito.md
2025-06-12 17:36:44,709 - INFO - 処理完了: 2022_B_n.ito.md | 品質改善: -0.050
2025-06-12 17:36:44,709 - INFO - 処理中 (80/91): 2022_B_y.yamada.md
2025-06-12 17:36:44,711 - INFO - 処理完了: 2022_B_y.yamada.md | 品質改善: 0.000
2025-06-12 17:36:44,711 - INFO - 処理中 (81/91): 2022_B_k.sato.md
2025-06-12 17:36:44,715 - INFO - 処理完了: 2022_B_k.sato.md | 品質改善: 0.000
2025-06-12 17:36:44,715 - INFO - 処理中 (82/91): 2022_B_m.nakamura.md
2025-06-12 17:36:44,719 - INFO - 処理完了: 2022_B_m.nakamura.md | 品質改善: -0.050
2025-06-12 17:36:44,719 - INFO - 処理中 (83/91): 2024_B_y.takahashi.md
2025-06-12 17:36:44,722 - INFO - 処理完了: 2024_B_y.takahashi.md | 品質改善: 0.060
2025-06-12 17:36:44,722 - INFO - 処理中 (84/91): 2024_B_s.tahara.md
2025-06-12 17:36:44,728 - INFO - 処理完了: 2024_B_s.tahara.md | 品質改善: 0.000
2025-06-12 17:36:44,728 - INFO - 処理中 (85/91): 2019_M_r.joly.md
2025-06-12 17:36:44,739 - INFO - 処理完了: 2019_M_r.joly.md | 品質改善: 0.160
2025-06-12 17:36:44,739 - INFO - 処理中 (86/91): 2020_M_k.nakamura.md
2025-06-12 17:36:44,749 - INFO - 処理完了: 2020_M_k.nakamura.md | 品質改善: 0.000
2025-06-12 17:36:44,750 - INFO - 処理中 (87/91): 2021_B_t.kassai.md
2025-06-12 17:36:44,753 - INFO - 処理完了: 2021_B_t.kassai.md | 品質改善: 0.060
2025-06-12 17:36:44,753 - INFO - 処理中 (88/91): 2024_B_r.morishita.md
2025-06-12 17:36:44,756 - INFO - 処理完了: 2024_B_r.morishita.md | 品質改善: 0.060
2025-06-12 17:36:44,756 - INFO - 処理中 (89/91): 2024_M_n.ito.md
2025-06-12 17:36:44,769 - INFO - 処理完了: 2024_M_n.ito.md | 品質改善: -0.050
2025-06-12 17:36:44,769 - INFO - 処理中 (90/91): 2023_M_s.watanabe.md
2025-06-12 17:36:44,778 - INFO - 処理完了: 2023_M_s.watanabe.md | 品質改善: 0.000
2025-06-12 17:36:44,778 - INFO - 処理中 (91/91): 2024_B_m.kashiwagi.md
2025-06-12 17:36:44,782 - INFO - 処理完了: 2024_B_m.kashiwagi.md | 品質改善: 0.000
2025-06-12 17:36:44,786 - INFO - === 処理完了 ===
2025-06-12 17:36:44,786 - INFO - 成功: 91/91 (100.0%)
2025-06-12 17:36:44,786 - INFO - 平均品質改善: 0.031
2025-06-12 17:36:44,786 - INFO - 結果保存: /Users/igarashi/local/crl_web_2025/tmp/results/markdown_refine_results_20250612_173644.json
