2025-06-12 17:48:05,305 - INFO - === project.json完全更新開始 ===
2025-06-12 17:48:05,305 - INFO - === 論文ファイル処理開始 ===
2025-06-12 17:48:05,305 - INFO - 処理対象ファイル数: 91
2025-06-12 17:48:05,305 - INFO - 処理中 (1/91): 2019_B_h.emori.md
2025-06-12 17:48:05,306 - INFO - 完了: 2019_B_h.emori | キーワード数: 10
2025-06-12 17:48:05,306 - INFO - 処理中 (2/91): 2019_B_h.nakanishi.md
2025-06-12 17:48:05,307 - INFO - 完了: 2019_B_h.nakanishi | キーワード数: 10
2025-06-12 17:48:05,307 - INFO - 処理中 (3/91): 2019_B_k.kobayashi.md
2025-06-12 17:48:05,309 - INFO - 完了: 2019_B_k.kobayashi | キーワード数: 10
2025-06-12 17:48:05,309 - INFO - 処理中 (4/91): 2019_B_k.tozuka.md
2025-06-12 17:48:05,310 - INFO - 完了: 2019_B_k.tozuka | キーワード数: 10
2025-06-12 17:48:05,310 - INFO - 処理中 (5/91): 2019_B_n.takahashi.md
2025-06-12 17:48:05,311 - INFO - 完了: 2019_B_n.takahashi | キーワード数: 10
2025-06-12 17:48:05,311 - INFO - 処理中 (6/91): 2019_B_r.maruyama.md
2025-06-12 17:48:05,312 - INFO - 完了: 2019_B_r.maruyama | キーワード数: 10
2025-06-12 17:48:05,312 - INFO - 処理中 (7/91): 2019_B_r.mukawa.md
2025-06-12 17:48:05,313 - INFO - 完了: 2019_B_r.mukawa | キーワード数: 10
2025-06-12 17:48:05,313 - INFO - 処理中 (8/91): 2019_B_r.ogasawara.md
2025-06-12 17:48:05,313 - INFO - 完了: 2019_B_r.ogasawara | キーワード数: 10
2025-06-12 17:48:05,313 - INFO - 処理中 (9/91): 2019_B_y.sugano.md
2025-06-12 17:48:05,315 - INFO - 完了: 2019_B_y.sugano | キーワード数: 10
2025-06-12 17:48:05,315 - INFO - 処理中 (10/91): 2019_M_g.sasaki.md
2025-06-12 17:48:05,316 - INFO - 完了: 2019_M_g.sasaki | キーワード数: 10
2025-06-12 17:48:05,316 - INFO - 処理中 (11/91): 2019_M_r.joly.md
2025-06-12 17:48:05,320 - INFO - 完了: 2019_M_r.joly | キーワード数: 8
2025-06-12 17:48:05,320 - INFO - 処理中 (12/91): 2019_M_y.uchida.md
2025-06-12 17:48:05,323 - INFO - 完了: 2019_M_y.uchida | キーワード数: 6
2025-06-12 17:48:05,323 - INFO - 処理中 (13/91): 2019_M_z.meng.md
2025-06-12 17:48:05,324 - INFO - 完了: 2019_M_z.meng | キーワード数: 10
2025-06-12 17:48:05,324 - INFO - 処理中 (14/91): 2020_B_a.inoue.md
2025-06-12 17:48:05,325 - INFO - 完了: 2020_B_a.inoue | キーワード数: 10
2025-06-12 17:48:05,325 - INFO - 処理中 (15/91): 2020_B_h.nishimura.md
2025-06-12 17:48:05,326 - INFO - 完了: 2020_B_h.nishimura | キーワード数: 10
2025-06-12 17:48:05,326 - INFO - 処理中 (16/91): 2020_B_k.yoshida.md
2025-06-12 17:48:05,327 - INFO - 完了: 2020_B_k.yoshida | キーワード数: 10
2025-06-12 17:48:05,327 - INFO - 処理中 (17/91): 2020_B_r.hikino.md
2025-06-12 17:48:05,328 - INFO - 完了: 2020_B_r.hikino | キーワード数: 10
2025-06-12 17:48:05,328 - INFO - 処理中 (18/91): 2020_B_y.baba.md
2025-06-12 17:48:05,329 - INFO - 完了: 2020_B_y.baba | キーワード数: 10
2025-06-12 17:48:05,329 - INFO - 処理中 (19/91): 2020_B_y.oda.md
2025-06-12 17:48:05,329 - INFO - 完了: 2020_B_y.oda | キーワード数: 10
2025-06-12 17:48:05,329 - INFO - 処理中 (20/91): 2020_B_y.okakuji.md
2025-06-12 17:48:05,330 - INFO - 完了: 2020_B_y.okakuji | キーワード数: 10
2025-06-12 17:48:05,330 - INFO - 処理中 (21/91): 2020_B_y.yoshida.md
2025-06-12 17:48:05,331 - INFO - 完了: 2020_B_y.yoshida | キーワード数: 10
2025-06-12 17:48:05,331 - INFO - 処理中 (22/91): 2020_M_b.poitrimol.md
2025-06-12 17:48:05,335 - INFO - 完了: 2020_M_b.poitrimol | キーワード数: 9
2025-06-12 17:48:05,335 - INFO - 処理中 (23/91): 2020_M_k.nakamura.md
2025-06-12 17:48:05,336 - INFO - 完了: 2020_M_k.nakamura | キーワード数: 10
2025-06-12 17:48:05,336 - INFO - 処理中 (24/91): 2020_M_s.koizumi.md
2025-06-12 17:48:05,337 - INFO - 完了: 2020_M_s.koizumi | キーワード数: 10
2025-06-12 17:48:05,337 - INFO - 処理中 (25/91): 2020_M_t.kosaka.md
2025-06-12 17:48:05,337 - INFO - 完了: 2020_M_t.kosaka | キーワード数: 10
2025-06-12 17:48:05,337 - INFO - 処理中 (26/91): 2020_M_y.yamasaki.md
2025-06-12 17:48:05,339 - INFO - 完了: 2020_M_y.yamasaki | キーワード数: 10
2025-06-12 17:48:05,339 - INFO - 処理中 (27/91): 2021_B_c.xu.md
2025-06-12 17:48:05,339 - INFO - 完了: 2021_B_c.xu | キーワード数: 10
2025-06-12 17:48:05,339 - INFO - 処理中 (28/91): 2021_B_d.yamazaki.md
2025-06-12 17:48:05,340 - INFO - 完了: 2021_B_d.yamazaki | キーワード数: 10
2025-06-12 17:48:05,340 - INFO - 処理中 (29/91): 2021_B_h.tagaya.md
2025-06-12 17:48:05,340 - INFO - 完了: 2021_B_h.tagaya | キーワード数: 10
2025-06-12 17:48:05,340 - INFO - 処理中 (30/91): 2021_B_k.kobayashi.md
2025-06-12 17:48:05,341 - INFO - 完了: 2021_B_k.kobayashi | キーワード数: 10
2025-06-12 17:48:05,341 - INFO - 処理中 (31/91): 2021_B_m.suga.md
2025-06-12 17:48:05,342 - INFO - 完了: 2021_B_m.suga | キーワード数: 10
2025-06-12 17:48:05,342 - INFO - 処理中 (32/91): 2021_B_s.watanabe.md
2025-06-12 17:48:05,343 - INFO - 完了: 2021_B_s.watanabe | キーワード数: 10
2025-06-12 17:48:05,343 - INFO - 処理中 (33/91): 2021_B_t.kassai.md
2025-06-12 17:48:05,344 - INFO - 完了: 2021_B_t.kassai | キーワード数: 10
2025-06-12 17:48:05,344 - INFO - 処理中 (34/91): 2021_B_t.shike.md
2025-06-12 17:48:05,344 - INFO - 完了: 2021_B_t.shike | キーワード数: 10
2025-06-12 17:48:05,344 - INFO - 処理中 (35/91): 2021_B_t.yamamoto.md
2025-06-12 17:48:05,345 - INFO - 完了: 2021_B_t.yamamoto | キーワード数: 10
2025-06-12 17:48:05,345 - INFO - 処理中 (36/91): 2021_M_h.nakanishi.md
2025-06-12 17:48:05,346 - INFO - 完了: 2021_M_h.nakanishi | キーワード数: 10
2025-06-12 17:48:05,346 - INFO - 処理中 (37/91): 2021_M_h.sugano.md
2025-06-12 17:48:05,348 - INFO - 完了: 2021_M_h.sugano | キーワード数: 10
2025-06-12 17:48:05,348 - INFO - 処理中 (38/91): 2021_M_k.kobayashi.md
2025-06-12 17:48:05,350 - INFO - 完了: 2021_M_k.kobayashi | キーワード数: 10
2025-06-12 17:48:05,350 - INFO - 処理中 (39/91): 2021_M_k.tozuka.md
2025-06-12 17:48:05,351 - INFO - 完了: 2021_M_k.tozuka | キーワード数: 10
2025-06-12 17:48:05,351 - INFO - 処理中 (40/91): 2021_M_n.takahashi.md
2025-06-12 17:48:05,352 - INFO - 完了: 2021_M_n.takahashi | キーワード数: 10
2025-06-12 17:48:05,352 - INFO - 処理中 (41/91): 2021_M_y.kakutani.md
2025-06-12 17:48:05,353 - INFO - 完了: 2021_M_y.kakutani | キーワード数: 10
2025-06-12 17:48:05,353 - INFO - 処理中 (42/91): 2022_B_i.kato.md
2025-06-12 17:48:05,353 - INFO - 完了: 2022_B_i.kato | キーワード数: 10
2025-06-12 17:48:05,353 - INFO - 処理中 (43/91): 2022_B_k.ohya.md
2025-06-12 17:48:05,354 - INFO - 完了: 2022_B_k.ohya | キーワード数: 10
2025-06-12 17:48:05,354 - INFO - 処理中 (44/91): 2022_B_k.sato.md
2025-06-12 17:48:05,355 - INFO - 完了: 2022_B_k.sato | キーワード数: 10
2025-06-12 17:48:05,355 - INFO - 処理中 (45/91): 2022_B_m.nakamura.md
2025-06-12 17:48:05,356 - INFO - 完了: 2022_B_m.nakamura | キーワード数: 10
2025-06-12 17:48:05,356 - INFO - 処理中 (46/91): 2022_B_n.ito.md
2025-06-12 17:48:05,357 - INFO - 完了: 2022_B_n.ito | キーワード数: 10
2025-06-12 17:48:05,357 - INFO - 処理中 (47/91): 2022_B_r.tanaka.md
2025-06-12 17:48:05,358 - INFO - 完了: 2022_B_r.tanaka | キーワード数: 10
2025-06-12 17:48:05,358 - INFO - 処理中 (48/91): 2022_B_s.sanuka.md
2025-06-12 17:48:05,359 - INFO - 完了: 2022_B_s.sanuka | キーワード数: 10
2025-06-12 17:48:05,359 - INFO - 処理中 (49/91): 2022_B_s.tsuchiya.md
2025-06-12 17:48:05,360 - INFO - 完了: 2022_B_s.tsuchiya | キーワード数: 10
2025-06-12 17:48:05,360 - INFO - 処理中 (50/91): 2022_B_t.bitoh.md
2025-06-12 17:48:05,360 - INFO - 完了: 2022_B_t.bitoh | キーワード数: 10
2025-06-12 17:48:05,361 - INFO - 処理中 (51/91): 2022_B_t.onogawa.md
2025-06-12 17:48:05,361 - INFO - 完了: 2022_B_t.onogawa | キーワード数: 10
2025-06-12 17:48:05,361 - INFO - 処理中 (52/91): 2022_B_t.oriuchi.md
2025-06-12 17:48:05,362 - INFO - 完了: 2022_B_t.oriuchi | キーワード数: 10
2025-06-12 17:48:05,362 - INFO - 処理中 (53/91): 2022_B_y.noguchi.md
2025-06-12 17:48:05,363 - INFO - 完了: 2022_B_y.noguchi | キーワード数: 10
2025-06-12 17:48:05,363 - INFO - 処理中 (54/91): 2022_B_y.yamada.md
2025-06-12 17:48:05,364 - INFO - 完了: 2022_B_y.yamada | キーワード数: 10
2025-06-12 17:48:05,364 - INFO - 処理中 (55/91): 2022_M_a.inoue.md
2025-06-12 17:48:05,365 - INFO - 完了: 2022_M_a.inoue | キーワード数: 10
2025-06-12 17:48:05,365 - INFO - 処理中 (56/91): 2022_M_a.nishimura.md
2025-06-12 17:48:05,366 - INFO - 完了: 2022_M_a.nishimura | キーワード数: 10
2025-06-12 17:48:05,366 - INFO - 処理中 (57/91): 2022_M_h.yoshida.md
2025-06-12 17:48:05,367 - INFO - 完了: 2022_M_h.yoshida | キーワード数: 10
2025-06-12 17:48:05,367 - INFO - 処理中 (58/91): 2022_M_y.baba.md
2025-06-12 17:48:05,368 - INFO - 完了: 2022_M_y.baba | キーワード数: 10
2025-06-12 17:48:05,368 - INFO - 処理中 (59/91): 2023_B_g.otsuka.md
2025-06-12 17:48:05,369 - INFO - 完了: 2023_B_g.otsuka | キーワード数: 10
2025-06-12 17:48:05,369 - INFO - 処理中 (60/91): 2023_B_h.kitaiwa.md
2025-06-12 17:48:05,370 - INFO - 完了: 2023_B_h.kitaiwa | キーワード数: 10
2025-06-12 17:48:05,370 - INFO - 処理中 (61/91): 2023_B_j.ryuu.md
2025-06-12 17:48:05,371 - INFO - 完了: 2023_B_j.ryuu | キーワード数: 10
2025-06-12 17:48:05,371 - INFO - 処理中 (62/91): 2023_B_k.sudo.md
2025-06-12 17:48:05,372 - INFO - 完了: 2023_B_k.sudo | キーワード数: 10
2025-06-12 17:48:05,372 - INFO - 処理中 (63/91): 2023_B_ke.nakamura.md
2025-06-12 17:48:05,373 - INFO - 完了: 2023_B_ke.nakamura | キーワード数: 10
2025-06-12 17:48:05,373 - INFO - 処理中 (64/91): 2023_B_r.uchida.md
2025-06-12 17:48:05,373 - INFO - 完了: 2023_B_r.uchida | キーワード数: 10
2025-06-12 17:48:05,373 - INFO - 処理中 (65/91): 2023_B_r.yanase.md
2025-06-12 17:48:05,375 - INFO - 完了: 2023_B_r.yanase | キーワード数: 10
2025-06-12 17:48:05,375 - INFO - 処理中 (66/91): 2023_B_s.fujiwara.md
2025-06-12 17:48:05,375 - INFO - 完了: 2023_B_s.fujiwara | キーワード数: 10
2025-06-12 17:48:05,375 - INFO - 処理中 (67/91): 2023_M_k.kobayashi.md
2025-06-12 17:48:05,378 - INFO - 完了: 2023_M_k.kobayashi | キーワード数: 10
2025-06-12 17:48:05,378 - INFO - 処理中 (68/91): 2023_M_m.tagaya.md
2025-06-12 17:48:05,379 - INFO - 完了: 2023_M_m.tagaya | キーワード数: 10
2025-06-12 17:48:05,379 - INFO - 処理中 (69/91): 2023_M_s.watanabe.md
2025-06-12 17:48:05,380 - INFO - 完了: 2023_M_s.watanabe | キーワード数: 10
2025-06-12 17:48:05,380 - INFO - 処理中 (70/91): 2023_M_t.kassai.md
2025-06-12 17:48:05,381 - INFO - 完了: 2023_M_t.kassai | キーワード数: 10
2025-06-12 17:48:05,381 - INFO - 処理中 (71/91): 2024_B_a.noto.md
2025-06-12 17:48:05,382 - INFO - 完了: 2024_B_a.noto | キーワード数: 10
2025-06-12 17:48:05,382 - INFO - 処理中 (72/91): 2024_B_d.nakajima.md
2025-06-12 17:48:05,382 - INFO - 完了: 2024_B_d.nakajima | キーワード数: 10
2025-06-12 17:48:05,382 - INFO - 処理中 (73/91): 2024_B_h.nakamura.md
2025-06-12 17:48:05,383 - INFO - 完了: 2024_B_h.nakamura | キーワード数: 10
2025-06-12 17:48:05,383 - INFO - 処理中 (74/91): 2024_B_k.hayashi.md
2025-06-12 17:48:05,384 - INFO - 完了: 2024_B_k.hayashi | キーワード数: 10
2025-06-12 17:48:05,384 - INFO - 処理中 (75/91): 2024_B_m.kashiwagi.md
2025-06-12 17:48:05,385 - INFO - 完了: 2024_B_m.kashiwagi | キーワード数: 10
2025-06-12 17:48:05,385 - INFO - 処理中 (76/91): 2024_B_mi.nakamura.md
2025-06-12 17:48:05,386 - INFO - 完了: 2024_B_mi.nakamura | キーワード数: 10
2025-06-12 17:48:05,386 - INFO - 処理中 (77/91): 2024_B_r.hiratsuka.md
2025-06-12 17:48:05,387 - INFO - 完了: 2024_B_r.hiratsuka | キーワード数: 10
2025-06-12 17:48:05,387 - INFO - 処理中 (78/91): 2024_B_r.kato.md
2025-06-12 17:48:05,388 - INFO - 完了: 2024_B_r.kato | キーワード数: 10
2025-06-12 17:48:05,388 - INFO - 処理中 (79/91): 2024_B_r.morishita.md
2025-06-12 17:48:05,389 - INFO - 完了: 2024_B_r.morishita | キーワード数: 10
2025-06-12 17:48:05,389 - INFO - 処理中 (80/91): 2024_B_s.imamura.md
2025-06-12 17:48:05,390 - INFO - 完了: 2024_B_s.imamura | キーワード数: 10
2025-06-12 17:48:05,390 - INFO - 処理中 (81/91): 2024_B_s.tahara.md
2025-06-12 17:48:05,391 - INFO - 完了: 2024_B_s.tahara | キーワード数: 10
2025-06-12 17:48:05,391 - INFO - 処理中 (82/91): 2024_B_y.takahashi.md
2025-06-12 17:48:05,392 - INFO - 完了: 2024_B_y.takahashi | キーワード数: 10
2025-06-12 17:48:05,392 - INFO - 処理中 (83/91): 2024_M_i.kato.md
2025-06-12 17:48:05,393 - INFO - 完了: 2024_M_i.kato | キーワード数: 10
2025-06-12 17:48:05,393 - INFO - 処理中 (84/91): 2024_M_k.ohya.md
2025-06-12 17:48:05,394 - INFO - 完了: 2024_M_k.ohya | キーワード数: 10
2025-06-12 17:48:05,394 - INFO - 処理中 (85/91): 2024_M_la.nicolas.md
2025-06-12 17:48:05,400 - INFO - 完了: 2024_M_la.nicolas | キーワード数: 7
2025-06-12 17:48:05,400 - INFO - 処理中 (86/91): 2024_M_m.nakamura.md
2025-06-12 17:48:05,401 - INFO - 完了: 2024_M_m.nakamura | キーワード数: 10
2025-06-12 17:48:05,401 - INFO - 処理中 (87/91): 2024_M_n.ito.md
2025-06-12 17:48:05,403 - INFO - 完了: 2024_M_n.ito | キーワード数: 10
2025-06-12 17:48:05,403 - INFO - 処理中 (88/91): 2024_M_onogawa.md
2025-06-12 17:48:05,404 - INFO - 完了: 2024_M_onogawa | キーワード数: 10
2025-06-12 17:48:05,404 - INFO - 処理中 (89/91): 2024_M_r.tanaka.md
2025-06-12 17:48:05,405 - INFO - 完了: 2024_M_r.tanaka | キーワード数: 10
2025-06-12 17:48:05,405 - INFO - 処理中 (90/91): 2024_M_s.tsuchiya.md
2025-06-12 17:48:05,406 - INFO - 完了: 2024_M_s.tsuchiya | キーワード数: 10
2025-06-12 17:48:05,406 - INFO - 処理中 (91/91): 2024_M_y.yamada.md
2025-06-12 17:48:05,407 - INFO - 完了: 2024_M_y.yamada | キーワード数: 10
2025-06-12 17:48:05,407 - INFO - === 処理完了 ===
2025-06-12 17:48:05,407 - INFO - 成功: 91/91
2025-06-12 17:48:05,407 - INFO - エラー: 0/91
2025-06-12 17:48:05,416 - INFO - バックアップ作成: /Users/igarashi/local/crl_web_2025/project.backup_20250612_174805.json
2025-06-12 17:48:05,417 - INFO - project.json更新完了: /Users/igarashi/local/crl_web_2025/project.json
2025-06-12 17:48:05,417 - INFO - 総プロジェクト数: 91
2025-06-12 17:48:05,417 - INFO - 年度範囲: 2019-2024
2025-06-12 17:48:05,417 - INFO - 平均キーワード数: 9.9
2025-06-12 17:48:05,417 - INFO - 必須タグ使用状況:
2025-06-12 17:48:05,418 - INFO -   人間機械システム: 47件 (51.6%)
2025-06-12 17:48:05,418 - INFO -   チームワーク: 87件 (95.6%)
2025-06-12 17:48:05,418 - INFO -   人間センシング: 67件 (73.6%)
2025-06-12 17:48:05,418 - INFO -   ハプティックインタフェース: 87件 (95.6%)
2025-06-12 17:48:05,418 - INFO -   VR/AR: 91件 (100.0%)
2025-06-12 17:48:05,418 - INFO -   マルチエージェント: 89件 (97.8%)
2025-06-12 17:48:05,418 - INFO - === 更新完了 ===
