2025-06-12 17:48:39,425 - INFO - === project.json完全更新開始 ===
2025-06-12 17:48:39,425 - INFO - === 論文ファイル処理開始 ===
2025-06-12 17:48:39,426 - INFO - 処理対象ファイル数: 91
2025-06-12 17:48:39,426 - INFO - 処理中 (1/91): 2019_B_h.emori.md
2025-06-12 17:48:39,428 - INFO - 完了: 2019_B_h.emori | キーワード数: 10
2025-06-12 17:48:39,428 - INFO - 処理中 (2/91): 2019_B_h.nakanishi.md
2025-06-12 17:48:39,429 - INFO - 完了: 2019_B_h.nakanishi | キーワード数: 10
2025-06-12 17:48:39,429 - INFO - 処理中 (3/91): 2019_B_k.kobayashi.md
2025-06-12 17:48:39,430 - INFO - 完了: 2019_B_k.kobayashi | キーワード数: 10
2025-06-12 17:48:39,430 - INFO - 処理中 (4/91): 2019_B_k.tozuka.md
2025-06-12 17:48:39,431 - INFO - 完了: 2019_B_k.tozuka | キーワード数: 10
2025-06-12 17:48:39,431 - INFO - 処理中 (5/91): 2019_B_n.takahashi.md
2025-06-12 17:48:39,432 - INFO - 完了: 2019_B_n.takahashi | キーワード数: 10
2025-06-12 17:48:39,432 - INFO - 処理中 (6/91): 2019_B_r.maruyama.md
2025-06-12 17:48:39,433 - INFO - 完了: 2019_B_r.maruyama | キーワード数: 10
2025-06-12 17:48:39,433 - INFO - 処理中 (7/91): 2019_B_r.mukawa.md
2025-06-12 17:48:39,434 - INFO - 完了: 2019_B_r.mukawa | キーワード数: 10
2025-06-12 17:48:39,434 - INFO - 処理中 (8/91): 2019_B_r.ogasawara.md
2025-06-12 17:48:39,435 - INFO - 完了: 2019_B_r.ogasawara | キーワード数: 10
2025-06-12 17:48:39,435 - INFO - 処理中 (9/91): 2019_B_y.sugano.md
2025-06-12 17:48:39,436 - INFO - 完了: 2019_B_y.sugano | キーワード数: 10
2025-06-12 17:48:39,436 - INFO - 処理中 (10/91): 2019_M_g.sasaki.md
2025-06-12 17:48:39,438 - INFO - 完了: 2019_M_g.sasaki | キーワード数: 10
2025-06-12 17:48:39,438 - INFO - 処理中 (11/91): 2019_M_r.joly.md
2025-06-12 17:48:39,441 - INFO - 完了: 2019_M_r.joly | キーワード数: 8
2025-06-12 17:48:39,441 - INFO - 処理中 (12/91): 2019_M_y.uchida.md
2025-06-12 17:48:39,444 - INFO - 完了: 2019_M_y.uchida | キーワード数: 6
2025-06-12 17:48:39,444 - INFO - 処理中 (13/91): 2019_M_z.meng.md
2025-06-12 17:48:39,446 - INFO - 完了: 2019_M_z.meng | キーワード数: 10
2025-06-12 17:48:39,446 - INFO - 処理中 (14/91): 2020_B_a.inoue.md
2025-06-12 17:48:39,447 - INFO - 完了: 2020_B_a.inoue | キーワード数: 10
2025-06-12 17:48:39,447 - INFO - 処理中 (15/91): 2020_B_h.nishimura.md
2025-06-12 17:48:39,448 - INFO - 完了: 2020_B_h.nishimura | キーワード数: 10
2025-06-12 17:48:39,448 - INFO - 処理中 (16/91): 2020_B_k.yoshida.md
2025-06-12 17:48:39,448 - INFO - 完了: 2020_B_k.yoshida | キーワード数: 10
2025-06-12 17:48:39,449 - INFO - 処理中 (17/91): 2020_B_r.hikino.md
2025-06-12 17:48:39,449 - INFO - 完了: 2020_B_r.hikino | キーワード数: 10
2025-06-12 17:48:39,449 - INFO - 処理中 (18/91): 2020_B_y.baba.md
2025-06-12 17:48:39,450 - INFO - 完了: 2020_B_y.baba | キーワード数: 10
2025-06-12 17:48:39,450 - INFO - 処理中 (19/91): 2020_B_y.oda.md
2025-06-12 17:48:39,450 - INFO - 完了: 2020_B_y.oda | キーワード数: 10
2025-06-12 17:48:39,451 - INFO - 処理中 (20/91): 2020_B_y.okakuji.md
2025-06-12 17:48:39,451 - INFO - 完了: 2020_B_y.okakuji | キーワード数: 10
2025-06-12 17:48:39,451 - INFO - 処理中 (21/91): 2020_B_y.yoshida.md
2025-06-12 17:48:39,452 - INFO - 完了: 2020_B_y.yoshida | キーワード数: 10
2025-06-12 17:48:39,452 - INFO - 処理中 (22/91): 2020_M_b.poitrimol.md
2025-06-12 17:48:39,456 - INFO - 完了: 2020_M_b.poitrimol | キーワード数: 9
2025-06-12 17:48:39,456 - INFO - 処理中 (23/91): 2020_M_k.nakamura.md
2025-06-12 17:48:39,457 - INFO - 完了: 2020_M_k.nakamura | キーワード数: 10
2025-06-12 17:48:39,457 - INFO - 処理中 (24/91): 2020_M_s.koizumi.md
2025-06-12 17:48:39,458 - INFO - 完了: 2020_M_s.koizumi | キーワード数: 10
2025-06-12 17:48:39,458 - INFO - 処理中 (25/91): 2020_M_t.kosaka.md
2025-06-12 17:48:39,459 - INFO - 完了: 2020_M_t.kosaka | キーワード数: 10
2025-06-12 17:48:39,459 - INFO - 処理中 (26/91): 2020_M_y.yamasaki.md
2025-06-12 17:48:39,460 - INFO - 完了: 2020_M_y.yamasaki | キーワード数: 10
2025-06-12 17:48:39,460 - INFO - 処理中 (27/91): 2021_B_c.xu.md
2025-06-12 17:48:39,461 - INFO - 完了: 2021_B_c.xu | キーワード数: 10
2025-06-12 17:48:39,461 - INFO - 処理中 (28/91): 2021_B_d.yamazaki.md
2025-06-12 17:48:39,462 - INFO - 完了: 2021_B_d.yamazaki | キーワード数: 10
2025-06-12 17:48:39,462 - INFO - 処理中 (29/91): 2021_B_h.tagaya.md
2025-06-12 17:48:39,462 - INFO - 完了: 2021_B_h.tagaya | キーワード数: 10
2025-06-12 17:48:39,462 - INFO - 処理中 (30/91): 2021_B_k.kobayashi.md
2025-06-12 17:48:39,463 - INFO - 完了: 2021_B_k.kobayashi | キーワード数: 10
2025-06-12 17:48:39,463 - INFO - 処理中 (31/91): 2021_B_m.suga.md
2025-06-12 17:48:39,464 - INFO - 完了: 2021_B_m.suga | キーワード数: 10
2025-06-12 17:48:39,464 - INFO - 処理中 (32/91): 2021_B_s.watanabe.md
2025-06-12 17:48:39,465 - INFO - 完了: 2021_B_s.watanabe | キーワード数: 10
2025-06-12 17:48:39,465 - INFO - 処理中 (33/91): 2021_B_t.kassai.md
2025-06-12 17:48:39,465 - INFO - 完了: 2021_B_t.kassai | キーワード数: 10
2025-06-12 17:48:39,465 - INFO - 処理中 (34/91): 2021_B_t.shike.md
2025-06-12 17:48:39,466 - INFO - 完了: 2021_B_t.shike | キーワード数: 10
2025-06-12 17:48:39,466 - INFO - 処理中 (35/91): 2021_B_t.yamamoto.md
2025-06-12 17:48:39,467 - INFO - 完了: 2021_B_t.yamamoto | キーワード数: 10
2025-06-12 17:48:39,467 - INFO - 処理中 (36/91): 2021_M_h.nakanishi.md
2025-06-12 17:48:39,468 - INFO - 完了: 2021_M_h.nakanishi | キーワード数: 10
2025-06-12 17:48:39,468 - INFO - 処理中 (37/91): 2021_M_h.sugano.md
2025-06-12 17:48:39,470 - INFO - 完了: 2021_M_h.sugano | キーワード数: 10
2025-06-12 17:48:39,470 - INFO - 処理中 (38/91): 2021_M_k.kobayashi.md
2025-06-12 17:48:39,471 - INFO - 完了: 2021_M_k.kobayashi | キーワード数: 10
2025-06-12 17:48:39,471 - INFO - 処理中 (39/91): 2021_M_k.tozuka.md
2025-06-12 17:48:39,473 - INFO - 完了: 2021_M_k.tozuka | キーワード数: 10
2025-06-12 17:48:39,473 - INFO - 処理中 (40/91): 2021_M_n.takahashi.md
2025-06-12 17:48:39,474 - INFO - 完了: 2021_M_n.takahashi | キーワード数: 10
2025-06-12 17:48:39,474 - INFO - 処理中 (41/91): 2021_M_y.kakutani.md
2025-06-12 17:48:39,474 - INFO - 完了: 2021_M_y.kakutani | キーワード数: 10
2025-06-12 17:48:39,474 - INFO - 処理中 (42/91): 2022_B_i.kato.md
2025-06-12 17:48:39,475 - INFO - 完了: 2022_B_i.kato | キーワード数: 10
2025-06-12 17:48:39,475 - INFO - 処理中 (43/91): 2022_B_k.ohya.md
2025-06-12 17:48:39,476 - INFO - 完了: 2022_B_k.ohya | キーワード数: 10
2025-06-12 17:48:39,476 - INFO - 処理中 (44/91): 2022_B_k.sato.md
2025-06-12 17:48:39,477 - INFO - 完了: 2022_B_k.sato | キーワード数: 10
2025-06-12 17:48:39,477 - INFO - 処理中 (45/91): 2022_B_m.nakamura.md
2025-06-12 17:48:39,478 - INFO - 完了: 2022_B_m.nakamura | キーワード数: 10
2025-06-12 17:48:39,478 - INFO - 処理中 (46/91): 2022_B_n.ito.md
2025-06-12 17:48:39,479 - INFO - 完了: 2022_B_n.ito | キーワード数: 10
2025-06-12 17:48:39,479 - INFO - 処理中 (47/91): 2022_B_r.tanaka.md
2025-06-12 17:48:39,480 - INFO - 完了: 2022_B_r.tanaka | キーワード数: 10
2025-06-12 17:48:39,480 - INFO - 処理中 (48/91): 2022_B_s.sanuka.md
2025-06-12 17:48:39,481 - INFO - 完了: 2022_B_s.sanuka | キーワード数: 10
2025-06-12 17:48:39,481 - INFO - 処理中 (49/91): 2022_B_s.tsuchiya.md
2025-06-12 17:48:39,481 - INFO - 完了: 2022_B_s.tsuchiya | キーワード数: 10
2025-06-12 17:48:39,481 - INFO - 処理中 (50/91): 2022_B_t.bitoh.md
2025-06-12 17:48:39,482 - INFO - 完了: 2022_B_t.bitoh | キーワード数: 10
2025-06-12 17:48:39,482 - INFO - 処理中 (51/91): 2022_B_t.onogawa.md
2025-06-12 17:48:39,483 - INFO - 完了: 2022_B_t.onogawa | キーワード数: 10
2025-06-12 17:48:39,483 - INFO - 処理中 (52/91): 2022_B_t.oriuchi.md
2025-06-12 17:48:39,484 - INFO - 完了: 2022_B_t.oriuchi | キーワード数: 10
2025-06-12 17:48:39,484 - INFO - 処理中 (53/91): 2022_B_y.noguchi.md
2025-06-12 17:48:39,485 - INFO - 完了: 2022_B_y.noguchi | キーワード数: 10
2025-06-12 17:48:39,485 - INFO - 処理中 (54/91): 2022_B_y.yamada.md
2025-06-12 17:48:39,486 - INFO - 完了: 2022_B_y.yamada | キーワード数: 10
2025-06-12 17:48:39,486 - INFO - 処理中 (55/91): 2022_M_a.inoue.md
2025-06-12 17:48:39,487 - INFO - 完了: 2022_M_a.inoue | キーワード数: 10
2025-06-12 17:48:39,487 - INFO - 処理中 (56/91): 2022_M_a.nishimura.md
2025-06-12 17:48:39,488 - INFO - 完了: 2022_M_a.nishimura | キーワード数: 10
2025-06-12 17:48:39,488 - INFO - 処理中 (57/91): 2022_M_h.yoshida.md
2025-06-12 17:48:39,489 - INFO - 完了: 2022_M_h.yoshida | キーワード数: 10
2025-06-12 17:48:39,489 - INFO - 処理中 (58/91): 2022_M_y.baba.md
2025-06-12 17:48:39,490 - INFO - 完了: 2022_M_y.baba | キーワード数: 10
2025-06-12 17:48:39,490 - INFO - 処理中 (59/91): 2023_B_g.otsuka.md
2025-06-12 17:48:39,491 - INFO - 完了: 2023_B_g.otsuka | キーワード数: 10
2025-06-12 17:48:39,491 - INFO - 処理中 (60/91): 2023_B_h.kitaiwa.md
2025-06-12 17:48:39,492 - INFO - 完了: 2023_B_h.kitaiwa | キーワード数: 10
2025-06-12 17:48:39,492 - INFO - 処理中 (61/91): 2023_B_j.ryuu.md
2025-06-12 17:48:39,493 - INFO - 完了: 2023_B_j.ryuu | キーワード数: 10
2025-06-12 17:48:39,493 - INFO - 処理中 (62/91): 2023_B_k.sudo.md
2025-06-12 17:48:39,494 - INFO - 完了: 2023_B_k.sudo | キーワード数: 10
2025-06-12 17:48:39,494 - INFO - 処理中 (63/91): 2023_B_ke.nakamura.md
2025-06-12 17:48:39,495 - INFO - 完了: 2023_B_ke.nakamura | キーワード数: 10
2025-06-12 17:48:39,495 - INFO - 処理中 (64/91): 2023_B_r.uchida.md
2025-06-12 17:48:39,495 - INFO - 完了: 2023_B_r.uchida | キーワード数: 10
2025-06-12 17:48:39,495 - INFO - 処理中 (65/91): 2023_B_r.yanase.md
2025-06-12 17:48:39,496 - INFO - 完了: 2023_B_r.yanase | キーワード数: 10
2025-06-12 17:48:39,496 - INFO - 処理中 (66/91): 2023_B_s.fujiwara.md
2025-06-12 17:48:39,497 - INFO - 完了: 2023_B_s.fujiwara | キーワード数: 10
2025-06-12 17:48:39,497 - INFO - 処理中 (67/91): 2023_M_k.kobayashi.md
2025-06-12 17:48:39,499 - INFO - 完了: 2023_M_k.kobayashi | キーワード数: 10
2025-06-12 17:48:39,499 - INFO - 処理中 (68/91): 2023_M_m.tagaya.md
2025-06-12 17:48:39,500 - INFO - 完了: 2023_M_m.tagaya | キーワード数: 10
2025-06-12 17:48:39,500 - INFO - 処理中 (69/91): 2023_M_s.watanabe.md
2025-06-12 17:48:39,501 - INFO - 完了: 2023_M_s.watanabe | キーワード数: 10
2025-06-12 17:48:39,501 - INFO - 処理中 (70/91): 2023_M_t.kassai.md
2025-06-12 17:48:39,502 - INFO - 完了: 2023_M_t.kassai | キーワード数: 10
2025-06-12 17:48:39,502 - INFO - 処理中 (71/91): 2024_B_a.noto.md
2025-06-12 17:48:39,503 - INFO - 完了: 2024_B_a.noto | キーワード数: 10
2025-06-12 17:48:39,503 - INFO - 処理中 (72/91): 2024_B_d.nakajima.md
2025-06-12 17:48:39,504 - INFO - 完了: 2024_B_d.nakajima | キーワード数: 10
2025-06-12 17:48:39,504 - INFO - 処理中 (73/91): 2024_B_h.nakamura.md
2025-06-12 17:48:39,505 - INFO - 完了: 2024_B_h.nakamura | キーワード数: 10
2025-06-12 17:48:39,505 - INFO - 処理中 (74/91): 2024_B_k.hayashi.md
2025-06-12 17:48:39,506 - INFO - 完了: 2024_B_k.hayashi | キーワード数: 10
2025-06-12 17:48:39,506 - INFO - 処理中 (75/91): 2024_B_m.kashiwagi.md
2025-06-12 17:48:39,507 - INFO - 完了: 2024_B_m.kashiwagi | キーワード数: 10
2025-06-12 17:48:39,507 - INFO - 処理中 (76/91): 2024_B_mi.nakamura.md
2025-06-12 17:48:39,508 - INFO - 完了: 2024_B_mi.nakamura | キーワード数: 10
2025-06-12 17:48:39,508 - INFO - 処理中 (77/91): 2024_B_r.hiratsuka.md
2025-06-12 17:48:39,509 - INFO - 完了: 2024_B_r.hiratsuka | キーワード数: 10
2025-06-12 17:48:39,509 - INFO - 処理中 (78/91): 2024_B_r.kato.md
2025-06-12 17:48:39,510 - INFO - 完了: 2024_B_r.kato | キーワード数: 10
2025-06-12 17:48:39,510 - INFO - 処理中 (79/91): 2024_B_r.morishita.md
2025-06-12 17:48:39,510 - INFO - 完了: 2024_B_r.morishita | キーワード数: 10
2025-06-12 17:48:39,510 - INFO - 処理中 (80/91): 2024_B_s.imamura.md
2025-06-12 17:48:39,511 - INFO - 完了: 2024_B_s.imamura | キーワード数: 10
2025-06-12 17:48:39,511 - INFO - 処理中 (81/91): 2024_B_s.tahara.md
2025-06-12 17:48:39,512 - INFO - 完了: 2024_B_s.tahara | キーワード数: 10
2025-06-12 17:48:39,512 - INFO - 処理中 (82/91): 2024_B_y.takahashi.md
2025-06-12 17:48:39,513 - INFO - 完了: 2024_B_y.takahashi | キーワード数: 10
2025-06-12 17:48:39,513 - INFO - 処理中 (83/91): 2024_M_i.kato.md
2025-06-12 17:48:39,515 - INFO - 完了: 2024_M_i.kato | キーワード数: 10
2025-06-12 17:48:39,515 - INFO - 処理中 (84/91): 2024_M_k.ohya.md
2025-06-12 17:48:39,516 - INFO - 完了: 2024_M_k.ohya | キーワード数: 10
2025-06-12 17:48:39,516 - INFO - 処理中 (85/91): 2024_M_la.nicolas.md
2025-06-12 17:48:39,522 - INFO - 完了: 2024_M_la.nicolas | キーワード数: 7
2025-06-12 17:48:39,522 - INFO - 処理中 (86/91): 2024_M_m.nakamura.md
2025-06-12 17:48:39,524 - INFO - 完了: 2024_M_m.nakamura | キーワード数: 10
2025-06-12 17:48:39,524 - INFO - 処理中 (87/91): 2024_M_n.ito.md
2025-06-12 17:48:39,525 - INFO - 完了: 2024_M_n.ito | キーワード数: 10
2025-06-12 17:48:39,525 - INFO - 処理中 (88/91): 2024_M_onogawa.md
2025-06-12 17:48:39,527 - INFO - 完了: 2024_M_onogawa | キーワード数: 10
2025-06-12 17:48:39,527 - INFO - 処理中 (89/91): 2024_M_r.tanaka.md
2025-06-12 17:48:39,528 - INFO - 完了: 2024_M_r.tanaka | キーワード数: 10
2025-06-12 17:48:39,528 - INFO - 処理中 (90/91): 2024_M_s.tsuchiya.md
2025-06-12 17:48:39,529 - INFO - 完了: 2024_M_s.tsuchiya | キーワード数: 10
2025-06-12 17:48:39,529 - INFO - 処理中 (91/91): 2024_M_y.yamada.md
2025-06-12 17:48:39,530 - INFO - 完了: 2024_M_y.yamada | キーワード数: 10
2025-06-12 17:48:39,530 - INFO - === 処理完了 ===
2025-06-12 17:48:39,530 - INFO - 成功: 91/91
2025-06-12 17:48:39,530 - INFO - エラー: 0/91
2025-06-12 17:48:39,535 - INFO - バックアップ作成: /Users/igarashi/local/crl_web_2025/project.backup_20250612_174839.json
2025-06-12 17:48:39,537 - INFO - project.json更新完了: /Users/igarashi/local/crl_web_2025/project.json
2025-06-12 17:48:39,537 - INFO - 総プロジェクト数: 91
2025-06-12 17:48:39,537 - INFO - 年度範囲: 2019-2024
2025-06-12 17:48:39,537 - INFO - 平均キーワード数: 9.9
2025-06-12 17:48:39,537 - INFO - 必須タグ使用状況:
2025-06-12 17:48:39,537 - INFO -   人間機械システム: 47件 (51.6%)
2025-06-12 17:48:39,537 - INFO -   チームワーク: 87件 (95.6%)
2025-06-12 17:48:39,537 - INFO -   人間センシング: 67件 (73.6%)
2025-06-12 17:48:39,537 - INFO -   ハプティックインタフェース: 87件 (95.6%)
2025-06-12 17:48:39,537 - INFO -   VR/AR: 91件 (100.0%)
2025-06-12 17:48:39,537 - INFO -   マルチエージェント: 89件 (97.8%)
2025-06-12 17:48:39,537 - INFO - === 更新完了 ===
